[2026-07-17 16:09:23] local.ERROR: The "-e" option does not exist. {"exception":"[object] (Symfony\\Component\\Console\\Exception\\RuntimeException(code: 0): The \"-e\" option does not exist. at D:\\DontDelete\\laravel\\leadmanagement (akrati ui work)\\vendor\\symfony\\console\\Input\\ArgvInput.php:211)
[stacktrace]
#0 D:\\DontDelete\\laravel\\leadmanagement (akrati ui work)\\vendor\\symfony\\console\\Input\\ArgvInput.php(113): Symfony\\Component\\Console\\Input\\ArgvInput->addShortOption('e', NULL)
#1 D:\\DontDelete\\laravel\\leadmanagement (akrati ui work)\\vendor\\symfony\\console\\Input\\ArgvInput.php(90): Symfony\\Component\\Console\\Input\\ArgvInput->parseShortOption('-e')
#2 D:\\DontDelete\\laravel\\leadmanagement (akrati ui work)\\vendor\\symfony\\console\\Input\\ArgvInput.php(77): Symfony\\Component\\Console\\Input\\ArgvInput->parseToken('-e', true)
#3 D:\\DontDelete\\laravel\\leadmanagement (akrati ui work)\\vendor\\symfony\\console\\Input\\Input.php(53): Symfony\\Component\\Console\\Input\\ArgvInput->parse()
#4 D:\\DontDelete\\laravel\\leadmanagement (akrati ui work)\\vendor\\symfony\\console\\Command\\Command.php(276): Symfony\\Component\\Console\\Input\\Input->bind(Object(Symfony\\Component\\Console\\Input\\InputDefinition))
#5 D:\\DontDelete\\laravel\\leadmanagement (akrati ui work)\\vendor\\laravel\\framework\\src\\Illuminate\\Console\\Command.php(180): Symfony\\Component\\Console\\Command\\Command->run(Object(Symfony\\Component\\Console\\Input\\ArgvInput), Object(Illuminate\\Console\\OutputStyle))
#6 D:\\DontDelete\\laravel\\leadmanagement (akrati ui work)\\vendor\\symfony\\console\\Application.php(1092): Illuminate\\Console\\Command->run(Object(Symfony\\Component\\Console\\Input\\ArgvInput), Object(Symfony\\Component\\Console\\Output\\ConsoleOutput))
#7 D:\\DontDelete\\laravel\\leadmanagement (akrati ui work)\\vendor\\symfony\\console\\Application.php(341): Symfony\\Component\\Console\\Application->doRunCommand(Object(Laravel\\Tinker\\Console\\TinkerCommand), Object(Symfony\\Component\\Console\\Input\\ArgvInput), Object(Symfony\\Component\\Console\\Output\\ConsoleOutput))
#8 D:\\DontDelete\\laravel\\leadmanagement (akrati ui work)\\vendor\\symfony\\console\\Application.php(192): Symfony\\Component\\Console\\Application->doRun(Object(Symfony\\Component\\Console\\Input\\ArgvInput), Object(Symfony\\Component\\Console\\Output\\ConsoleOutput))
#9 D:\\DontDelete\\laravel\\leadmanagement (akrati ui work)\\vendor\\laravel\\framework\\src\\Illuminate\\Foundation\\Console\\Kernel.php(197): Symfony\\Component\\Console\\Application->run(Object(Symfony\\Component\\Console\\Input\\ArgvInput), Object(Symfony\\Component\\Console\\Output\\ConsoleOutput))
#10 D:\\DontDelete\\laravel\\leadmanagement (akrati ui work)\\vendor\\laravel\\framework\\src\\Illuminate\\Foundation\\Application.php(1234): Illuminate\\Foundation\\Console\\Kernel->handle(Object(Symfony\\Component\\Console\\Input\\ArgvInput), Object(Symfony\\Component\\Console\\Output\\ConsoleOutput))
#11 D:\\DontDelete\\laravel\\leadmanagement (akrati ui work)\\artisan(16): Illuminate\\Foundation\\Application->handleCommand(Object(Symfony\\Component\\Console\\Input\\ArgvInput))
#12 {main}
"} 
[2026-07-17 16:16:40] local.ERROR: Illuminate\Auth\SessionGuard::login(): Argument #1 ($user) must be of type Illuminate\Contracts\Auth\Authenticatable, null given, called in D:\DontDelete\laravel\leadmanagement (akrati ui work)\vendor\laravel\framework\src\Illuminate\Auth\AuthManager.php on line 339 {"exception":"[object] (TypeError(code: 0): Illuminate\\Auth\\SessionGuard::login(): Argument #1 ($user) must be of type Illuminate\\Contracts\\Auth\\Authenticatable, null given, called in D:\\DontDelete\\laravel\\leadmanagement (akrati ui work)\\vendor\\laravel\\framework\\src\\Illuminate\\Auth\\AuthManager.php on line 339 at D:\\DontDelete\\laravel\\leadmanagement (akrati ui work)\\vendor\\laravel\\framework\\src\\Illuminate\\Auth\\SessionGuard.php:547)
[stacktrace]
#0 D:\\DontDelete\\laravel\\leadmanagement (akrati ui work)\\vendor\\laravel\\framework\\src\\Illuminate\\Auth\\AuthManager.php(339): Illuminate\\Auth\\SessionGuard->login(NULL)
#1 D:\\DontDelete\\laravel\\leadmanagement (akrati ui work)\\vendor\\laravel\\framework\\src\\Illuminate\\Support\\Facades\\Facade.php(363): Illuminate\\Auth\\AuthManager->__call('login', Array)
#2 D:\\DontDelete\\laravel\\leadmanagement (akrati ui work)\\test.php(7): Illuminate\\Support\\Facades\\Facade::__callStatic('login', Array)
#3 {main}
"} 
[2026-07-18 08:44:19] local.ERROR: Undefined variable $shift {"exception":"[object] (ErrorException(code: 0): Undefined variable $shift at D:\\DontDelete\\laravel\\leadmanagement (akrati ui work)\\app\\Http\\Controllers\\AttendanceController.php:1413)
[stacktrace]
#0 D:\\DontDelete\\laravel\\leadmanagement (akrati ui work)\\vendor\\laravel\\framework\\src\\Illuminate\\Foundation\\Bootstrap\\HandleExceptions.php(258): Illuminate\\Foundation\\Bootstrap\\HandleExceptions->handleError(2, 'Undefined varia...', 'D:\\\\DontDelete\\\\l...', 1413)
#1 D:\\DontDelete\\laravel\\leadmanagement (akrati ui work)\\app\\Http\\Controllers\\AttendanceController.php(1413): Illuminate\\Foundation\\Bootstrap\\HandleExceptions->Illuminate\\Foundation\\Bootstrap\\{closure}(2, 'Undefined varia...', 'D:\\\\DontDelete\\\\l...', 1413)
#2 D:\\DontDelete\\laravel\\leadmanagement (akrati ui work)\\app\\Http\\Controllers\\AttendanceController.php(1614): App\\Http\\Controllers\\AttendanceController->_fetchDateReportData('2026-07-18')
#3 D:\\DontDelete\\laravel\\leadmanagement (akrati ui work)\\vendor\\laravel\\framework\\src\\Illuminate\\Routing\\ControllerDispatcher.php(46): App\\Http\\Controllers\\AttendanceController->getDateReportData(Object(Illuminate\\Http\\Request))
#4 D:\\DontDelete\\laravel\\leadmanagement (akrati ui work)\\vendor\\laravel\\framework\\src\\Illuminate\\Routing\\Route.php(265): Illuminate\\Routing\\ControllerDispatcher->dispatch(Object(Illuminate\\Routing\\Route), Object(App\\Http\\Controllers\\AttendanceController), 'getDateReportDa...')
#5 D:\\DontDelete\\laravel\\leadmanagement (akrati ui work)\\vendor\\laravel\\framework\\src\\Illuminate\\Routing\\Route.php(211): Illuminate\\Routing\\Route->runController()
#6 D:\\DontDelete\\laravel\\leadmanagement (akrati ui work)\\vendor\\laravel\\framework\\src\\Illuminate\\Routing\\Router.php(822): Illuminate\\Routing\\Route->run()
#7 D:\\DontDelete\\laravel\\leadmanagement (akrati ui work)\\vendor\\laravel\\framework\\src\\Illuminate\\Pipeline\\Pipeline.php(180): Illuminate\\Routing\\Router->Illuminate\\Routing\\{closure}(Object(Illuminate\\Http\\Request))
#8 D:\\DontDelete\\laravel\\leadmanagement (akrati ui work)\\app\\Http\\Middleware\\AuthOrSession.php(26): Illuminate\\Pipeline\\Pipeline->Illuminate\\Pipeline\\{closure}(Object(Illuminate\\Http\\Request))
#9 D:\\DontDelete\\laravel\\leadmanagement (akrati ui work)\\vendor\\laravel\\framework\\src\\Illuminate\\Pipeline\\Pipeline.php(219): App\\Http\\Middleware\\AuthOrSession->handle(Object(Illuminate\\Http\\Request), Object(Closure))
#10 D:\\DontDelete\\laravel\\leadmanagement (akrati ui work)\\app\\Http\\Middleware\\SetTenantDatabase.php(39): Illuminate\\Pipeline\\Pipeline->Illuminate\\Pipeline\\{closure}(Object(Illuminate\\Http\\Request))
#11 D:\\DontDelete\\laravel\\leadmanagement (akrati ui work)\\vendor\\laravel\\framework\\src\\Illuminate\\Pipeline\\Pipeline.php(219): App\\Http\\Middleware\\SetTenantDatabase->handle(Object(Illuminate\\Http\\Request), Object(Closure))
#12 D:\\DontDelete\\laravel\\leadmanagement (akrati ui work)\\vendor\\laravel\\framework\\src\\Illuminate\\Routing\\Middleware\\SubstituteBindings.php(50): Illuminate\\Pipeline\\Pipeline->Illuminate\\Pipeline\\{closure}(Object(Illuminate\\Http\\Request))
#13 D:\\DontDelete\\laravel\\leadmanagement (akrati ui work)\\vendor\\laravel\\framework\\src\\Illuminate\\Pipeline\\Pipeline.php(219): Illuminate\\Routing\\Middleware\\SubstituteBindings->handle(Object(Illuminate\\Http\\Request), Object(Closure))
#14 D:\\DontDelete\\laravel\\leadmanagement (akrati ui work)\\vendor\\laravel\\framework\\src\\Illuminate\\Foundation\\Http\\Middleware\\VerifyCsrfToken.php(87): Illuminate\\Pipeline\\Pipeline->Illuminate\\Pipeline\\{closure}(Object(Illuminate\\Http\\Request))
#15 D:\\DontDelete\\laravel\\leadmanagement (akrati ui work)\\vendor\\laravel\\framework\\src\\Illuminate\\Pipeline\\Pipeline.php(219): Illuminate\\Foundation\\Http\\Middleware\\VerifyCsrfToken->handle(Object(Illuminate\\Http\\Request), Object(Closure))
#16 D:\\DontDelete\\laravel\\leadmanagement (akrati ui work)\\vendor\\laravel\\framework\\src\\Illuminate\\View\\Middleware\\ShareErrorsFromSession.php(48): Illuminate\\Pipeline\\Pipeline->Illuminate\\Pipeline\\{closure}(Object(Illuminate\\Http\\Request))
#17 D:\\DontDelete\\laravel\\leadmanagement (akrati ui work)\\vendor\\laravel\\framework\\src\\Illuminate\\Pipeline\\Pipeline.php(219): Illuminate\\View\\Middleware\\ShareErrorsFromSession->handle(Object(Illuminate\\Http\\Request), Object(Closure))
#18 D:\\DontDelete\\laravel\\leadmanagement (akrati ui work)\\vendor\\laravel\\framework\\src\\Illuminate\\Session\\Middleware\\StartSession.php(120): Illuminate\\Pipeline\\Pipeline->Illuminate\\Pipeline\\{closure}(Object(Illuminate\\Http\\Request))
#19 D:\\DontDelete\\laravel\\leadmanagement (akrati ui work)\\vendor\\laravel\\framework\\src\\Illuminate\\Session\\Middleware\\StartSession.php(63): Illuminate\\Session\\Middleware\\StartSession->handleStatefulRequest(Object(Illuminate\\Http\\Request), Object(Illuminate\\Session\\Store), Object(Closure))
#20 D:\\DontDelete\\laravel\\leadmanagement (akrati ui work)\\vendor\\laravel\\framework\\src\\Illuminate\\Pipeline\\Pipeline.php(219): Illuminate\\Session\\Middleware\\StartSession->handle(Object(Illuminate\\Http\\Request), Object(Closure))
#21 D:\\DontDelete\\laravel\\leadmanagement (akrati ui work)\\vendor\\laravel\\framework\\src\\Illuminate\\Cookie\\Middleware\\AddQueuedCookiesToResponse.php(36): Illuminate\\Pipeline\\Pipeline->Illuminate\\Pipeline\\{closure}(Object(Illuminate\\Http\\Request))
#22 D:\\DontDelete\\laravel\\leadmanagement (akrati ui work)\\vendor\\laravel\\framework\\src\\Illuminate\\Pipeline\\Pipeline.php(219): Illuminate\\Cookie\\Middleware\\AddQueuedCookiesToResponse->handle(Object(Illuminate\\Http\\Request), Object(Closure))
#23 D:\\DontDelete\\laravel\\leadmanagement (akrati ui work)\\vendor\\laravel\\framework\\src\\Illuminate\\Cookie\\Middleware\\EncryptCookies.php(74): Illuminate\\Pipeline\\Pipeline->Illuminate\\Pipeline\\{closure}(Object(Illuminate\\Http\\Request))
#24 D:\\DontDelete\\laravel\\leadmanagement (akrati ui work)\\vendor\\laravel\\framework\\src\\Illuminate\\Pipeline\\Pipeline.php(219): Illuminate\\Cookie\\Middleware\\EncryptCookies->handle(Object(Illuminate\\Http\\Request), Object(Closure))
#25 D:\\DontDelete\\laravel\\leadmanagement (akrati ui work)\\vendor\\laravel\\framework\\src\\Illuminate\\Pipeline\\Pipeline.php(137): Illuminate\\Pipeline\\Pipeline->Illuminate\\Pipeline\\{closure}(Object(Illuminate\\Http\\Request))
#26 D:\\DontDelete\\laravel\\leadmanagement (akrati ui work)\\vendor\\laravel\\framework\\src\\Illuminate\\Routing\\Router.php(821): Illuminate\\Pipeline\\Pipeline->then(Object(Closure))
#27 D:\\DontDelete\\laravel\\leadmanagement (akrati ui work)\\vendor\\laravel\\framework\\src\\Illuminate\\Routing\\Router.php(800): Illuminate\\Routing\\Router->runRouteWithinStack(Object(Illuminate\\Routing\\Route), Object(Illuminate\\Http\\Request))
#28 D:\\DontDelete\\laravel\\leadmanagement (akrati ui work)\\vendor\\laravel\\framework\\src\\Illuminate\\Routing\\Router.php(764): Illuminate\\Routing\\Router->runRoute(Object(Illuminate\\Http\\Request), Object(Illuminate\\Routing\\Route))
#29 D:\\DontDelete\\laravel\\leadmanagement (akrati ui work)\\vendor\\laravel\\framework\\src\\Illuminate\\Routing\\Router.php(753): Illuminate\\Routing\\Router->dispatchToRoute(Object(Illuminate\\Http\\Request))
#30 D:\\DontDelete\\laravel\\leadmanagement (akrati ui work)\\vendor\\laravel\\framework\\src\\Illuminate\\Foundation\\Http\\Kernel.php(200): Illuminate\\Routing\\Router->dispatch(Object(Illuminate\\Http\\Request))
#31 D:\\DontDelete\\laravel\\leadmanagement (akrati ui work)\\vendor\\laravel\\framework\\src\\Illuminate\\Pipeline\\Pipeline.php(180): Illuminate\\Foundation\\Http\\Kernel->Illuminate\\Foundation\\Http\\{closure}(Object(Illuminate\\Http\\Request))
#32 D:\\DontDelete\\laravel\\leadmanagement (akrati ui work)\\vendor\\laravel\\framework\\src\\Illuminate\\Foundation\\Http\\Middleware\\TransformsRequest.php(21): Illuminate\\Pipeline\\Pipeline->Illuminate\\Pipeline\\{closure}(Object(Illuminate\\Http\\Request))
#33 D:\\DontDelete\\laravel\\leadmanagement (akrati ui work)\\vendor\\laravel\\framework\\src\\Illuminate\\Foundation\\Http\\Middleware\\ConvertEmptyStringsToNull.php(31): Illuminate\\Foundation\\Http\\Middleware\\TransformsRequest->handle(Object(Illuminate\\Http\\Request), Object(Closure))
#34 D:\\DontDelete\\laravel\\leadmanagement (akrati ui work)\\vendor\\laravel\\framework\\src\\Illuminate\\Pipeline\\Pipeline.php(219): Illuminate\\Foundation\\Http\\Middleware\\ConvertEmptyStringsToNull->handle(Object(Illuminate\\Http\\Request), Object(Closure))
#35 D:\\DontDelete\\laravel\\leadmanagement (akrati ui work)\\vendor\\laravel\\framework\\src\\Illuminate\\Foundation\\Http\\Middleware\\TransformsRequest.php(21): Illuminate\\Pipeline\\Pipeline->Illuminate\\Pipeline\\{closure}(Object(Illuminate\\Http\\Request))
#36 D:\\DontDelete\\laravel\\leadmanagement (akrati ui work)\\vendor\\laravel\\framework\\src\\Illuminate\\Foundation\\Http\\Middleware\\TrimStrings.php(51): Illuminate\\Foundation\\Http\\Middleware\\TransformsRequest->handle(Object(Illuminate\\Http\\Request), Object(Closure))
#37 D:\\DontDelete\\laravel\\leadmanagement (akrati ui work)\\vendor\\laravel\\framework\\src\\Illuminate\\Pipeline\\Pipeline.php(219): Illuminate\\Foundation\\Http\\Middleware\\TrimStrings->handle(Object(Illuminate\\Http\\Request), Object(Closure))
#38 D:\\DontDelete\\laravel\\leadmanagement (akrati ui work)\\vendor\\laravel\\framework\\src\\Illuminate\\Http\\Middleware\\ValidatePostSize.php(27): Illuminate\\Pipeline\\Pipeline->Illuminate\\Pipeline\\{closure}(Object(Illuminate\\Http\\Request))
#39 D:\\DontDelete\\laravel\\leadmanagement (akrati ui work)\\vendor\\laravel\\framework\\src\\Illuminate\\Pipeline\\Pipeline.php(219): Illuminate\\Http\\Middleware\\ValidatePostSize->handle(Object(Illuminate\\Http\\Request), Object(Closure))
#40 D:\\DontDelete\\laravel\\leadmanagement (akrati ui work)\\vendor\\laravel\\framework\\src\\Illuminate\\Foundation\\Http\\Middleware\\PreventRequestsDuringMaintenance.php(109): Illuminate\\Pipeline\\Pipeline->Illuminate\\Pipeline\\{closure}(Object(Illuminate\\Http\\Request))
#41 D:\\DontDelete\\laravel\\leadmanagement (akrati ui work)\\vendor\\laravel\\framework\\src\\Illuminate\\Pipeline\\Pipeline.php(219): Illuminate\\Foundation\\Http\\Middleware\\PreventRequestsDuringMaintenance->handle(Object(Illuminate\\Http\\Request), Object(Closure))
#42 D:\\DontDelete\\laravel\\leadmanagement (akrati ui work)\\vendor\\laravel\\framework\\src\\Illuminate\\Http\\Middleware\\HandleCors.php(48): Illuminate\\Pipeline\\Pipeline->Illuminate\\Pipeline\\{closure}(Object(Illuminate\\Http\\Request))
#43 D:\\DontDelete\\laravel\\leadmanagement (akrati ui work)\\vendor\\laravel\\framework\\src\\Illuminate\\Pipeline\\Pipeline.php(219): Illuminate\\Http\\Middleware\\HandleCors->handle(Object(Illuminate\\Http\\Request), Object(Closure))
#44 D:\\DontDelete\\laravel\\leadmanagement (akrati ui work)\\vendor\\laravel\\framework\\src\\Illuminate\\Http\\Middleware\\TrustProxies.php(58): Illuminate\\Pipeline\\Pipeline->Illuminate\\Pipeline\\{closure}(Object(Illuminate\\Http\\Request))
#45 D:\\DontDelete\\laravel\\leadmanagement (akrati ui work)\\vendor\\laravel\\framework\\src\\Illuminate\\Pipeline\\Pipeline.php(219): Illuminate\\Http\\Middleware\\TrustProxies->handle(Object(Illuminate\\Http\\Request), Object(Closure))
#46 D:\\DontDelete\\laravel\\leadmanagement (akrati ui work)\\vendor\\laravel\\framework\\src\\Illuminate\\Foundation\\Http\\Middleware\\InvokeDeferredCallbacks.php(22): Illuminate\\Pipeline\\Pipeline->Illuminate\\Pipeline\\{closure}(Object(Illuminate\\Http\\Request))
#47 D:\\DontDelete\\laravel\\leadmanagement (akrati ui work)\\vendor\\laravel\\framework\\src\\Illuminate\\Pipeline\\Pipeline.php(219): Illuminate\\Foundation\\Http\\Middleware\\InvokeDeferredCallbacks->handle(Object(Illuminate\\Http\\Request), Object(Closure))
#48 D:\\DontDelete\\laravel\\leadmanagement (akrati ui work)\\vendor\\laravel\\framework\\src\\Illuminate\\Http\\Middleware\\ValidatePathEncoding.php(26): Illuminate\\Pipeline\\Pipeline->Illuminate\\Pipeline\\{closure}(Object(Illuminate\\Http\\Request))
#49 D:\\DontDelete\\laravel\\leadmanagement (akrati ui work)\\vendor\\laravel\\framework\\src\\Illuminate\\Pipeline\\Pipeline.php(219): Illuminate\\Http\\Middleware\\ValidatePathEncoding->handle(Object(Illuminate\\Http\\Request), Object(Closure))
#50 D:\\DontDelete\\laravel\\leadmanagement (akrati ui work)\\vendor\\laravel\\framework\\src\\Illuminate\\Pipeline\\Pipeline.php(137): Illuminate\\Pipeline\\Pipeline->Illuminate\\Pipeline\\{closure}(Object(Illuminate\\Http\\Request))
#51 D:\\DontDelete\\laravel\\leadmanagement (akrati ui work)\\vendor\\laravel\\framework\\src\\Illuminate\\Foundation\\Http\\Kernel.php(175): Illuminate\\Pipeline\\Pipeline->then(Object(Closure))
#52 D:\\DontDelete\\laravel\\leadmanagement (akrati ui work)\\vendor\\laravel\\framework\\src\\Illuminate\\Foundation\\Http\\Kernel.php(144): Illuminate\\Foundation\\Http\\Kernel->sendRequestThroughRouter(Object(Illuminate\\Http\\Request))
#53 D:\\DontDelete\\laravel\\leadmanagement (akrati ui work)\\vendor\\laravel\\framework\\src\\Illuminate\\Foundation\\Application.php(1219): Illuminate\\Foundation\\Http\\Kernel->handle(Object(Illuminate\\Http\\Request))
#54 D:\\DontDelete\\laravel\\leadmanagement (akrati ui work)\\public\\index.php(20): Illuminate\\Foundation\\Application->handleRequest(Object(Illuminate\\Http\\Request))
#55 D:\\DontDelete\\laravel\\leadmanagement (akrati ui work)\\vendor\\laravel\\framework\\src\\Illuminate\\Foundation\\resources\\server.php(23): require_once('D:\\\\DontDelete\\\\l...')
#56 {main}
"} 
